lcd_character.c:211:6:wait_lcd	16	static
lcd_character.c:216:6:lcd_en_clk	8	static
lcd_character.c:222:6:lcd_ins	16	static
lcd_character.c:228:6:lcd_ins2	16	static
lcd_character.c:234:6:lcd_cmd	16	static
lcd_character.c:240:6:lcd_data	16	static
lcd_character.c:246:6:lcd_reset	8	static
lcd_character.c:261:6:lcd_init	32	static
lcd_character.c:307:6:lcd_gotoxy	16	static
lcd_character.c:317:6:lcd_clear	8	static
lcd_character.c:324:6:lcd_puts	16	static
lcd_character.c:328:6:lcd_Test	16	static
lcd_character.c:337:6:lcd_float6	16	static
lcd_character.c:350:6:lcd_bit	16	static
lcd_character.c:357:6:lcd_sen	24	static
lcd_character.c:365:6:lcd_us	16	static
lcd_character.c:372:6:lcd_uint16	16	static
lcd_character.c:380:6:lcd_uint8	16	static
lcd_character.c:386:6:lcd_int16	16	static
lcd_character.c:395:6:lcd_int8	16	static
lcd_character.c:406:6:lcd_hex	16	static
lcd_character.c:411:6:lcd_bin	24	static
lcd_character.c:419:6:lcd_bin16	24	static
lcd_character.c:427:6:lcd_hex8	16	static
lcd_character.c:433:6:lcd_hex16	16	static
lcd_character.c:440:6:lcd_hex32	16	static
